<html>
<p>MS-DOS line endings</p><p>make me happy.</p>
</html>
