<!doctype html>
<html>
<head>
  <title>Inline Scoped CSS</title>
</head>
<body>
  <style scoped>
html {
    padding: 0;
}
  </style>
</body>
</html>
